OpenJDK 64-Bit Server VM (25.402-b06) for linux-amd64 JRE (1.8.0_402-b06), built on Jan 25 2024 15:59:05 by "mockbuild" with gcc 4.8.5 20150623 (Red Hat 4.8.5-44)
Memory: 4k page, physical 16307388k(13669720k free), swap 4194304k(4194304k free)
CommandLine flags: -XX:+CMSClassUnloadingEnabled -XX:CMSInitiatingOccupancyFraction=70 -XX:+CMSParallelRemarkEnabled -XX:GCLogFileSize=104857600 -XX:InitialHeapSize=1073741824 -XX:MaxHeapSize=1073741824 -XX:MaxNewSize=536870912 -XX:NewSize=536870912 -XX:NumberOfGCLogFiles=10 -XX:OldPLABSize=16 -XX:+PrintGC -XX:+PrintGCDateStamps -XX:+PrintGCDetails -XX:+PrintGCTimeStamps -XX:SoftRefLRUPolicyMSPerMB=0 -XX:SurvivorRatio=8 -XX:+UseCMSCompactAtFullCollection -XX:+UseCompressedClassPointers -XX:+UseCompressedOops -XX:+UseConcMarkSweepGC -XX:+UseGCLogFileRotation -XX:+UseParNewGC 
2024-09-13T17:57:49.330+0800: 2.231: [GC (Allocation Failure) 2024-09-13T17:57:49.330+0800: 2.231: [ParNew: 419456K->6626K(471872K), 0.0086408 secs] 419456K->6626K(996160K), 0.0093169 secs] [Times: user=0.08 sys=0.00, real=0.01 secs] 
2024-09-13T17:57:50.529+0800: 3.430: [GC (Allocation Failure) 2024-09-13T17:57:50.530+0800: 3.431: [ParNew: 426082K->19807K(471872K), 0.0129121 secs] 426082K->19807K(996160K), 0.0137008 secs] [Times: user=0.10 sys=0.01, real=0.01 secs] 
2024-09-13T17:57:50.544+0800: 3.445: [GC (CMS Initial Mark) [1 CMS-initial-mark: 0K(524288K)] 26396K(996160K), 0.0050784 secs] [Times: user=0.02 sys=0.00, real=0.01 secs] 
2024-09-13T17:57:50.550+0800: 3.451: [CMS-concurrent-mark-start]
2024-09-13T17:57:50.550+0800: 3.451: [CMS-concurrent-mark: 0.000/0.000 secs] [Times: user=0.00 sys=0.00, real=0.00 secs] 
2024-09-13T17:57:50.551+0800: 3.452: [CMS-concurrent-preclean-start]
2024-09-13T17:57:50.551+0800: 3.452: [CMS-concurrent-preclean: 0.001/0.001 secs] [Times: user=0.00 sys=0.00, real=0.00 secs] 
2024-09-13T17:57:50.552+0800: 3.453: [CMS-concurrent-abortable-preclean-start]
2024-09-13T17:57:51.032+0800: 3.933: [CMS-concurrent-abortable-preclean: 0.401/0.481 secs] [Times: user=1.65 sys=0.07, real=0.48 secs] 
2024-09-13T17:57:51.033+0800: 3.934: [GC (CMS Final Remark) [YG occupancy: 268759 K (471872 K)]2024-09-13T17:57:51.034+0800: 3.934: [Rescan (parallel) , 0.0235875 secs]2024-09-13T17:57:51.058+0800: 3.959: [weak refs processing, 0.0003660 secs]2024-09-13T17:57:51.058+0800: 3.959: [class unloading, 0.0045717 secs]2024-09-13T17:57:51.063+0800: 3.964: [scrub symbol table, 0.0069523 secs]2024-09-13T17:57:51.071+0800: 3.972: [scrub string table, 0.0006344 secs][1 CMS-remark: 0K(524288K)] 268759K(996160K), 0.0404818 secs] [Times: user=0.24 sys=0.01, real=0.04 secs] 
2024-09-13T17:57:51.075+0800: 3.976: [CMS-concurrent-sweep-start]
2024-09-13T17:57:51.075+0800: 3.976: [CMS-concurrent-sweep: 0.000/0.000 secs] [Times: user=0.00 sys=0.00, real=0.00 secs] 
2024-09-13T17:57:51.075+0800: 3.976: [CMS-concurrent-reset-start]
2024-09-13T17:57:51.082+0800: 3.983: [CMS-concurrent-reset: 0.007/0.007 secs] [Times: user=0.01 sys=0.00, real=0.00 secs] 
2024-09-13T17:57:51.547+0800: 4.448: [GC (Allocation Failure) 2024-09-13T17:57:51.547+0800: 4.448: [ParNew: 439263K->26172K(471872K), 0.0114755 secs] 439263K->26172K(996160K), 0.0123852 secs] [Times: user=0.10 sys=0.01, real=0.01 secs] 
2024-09-13T17:57:53.691+0800: 6.594: [GC (Allocation Failure) 2024-09-13T17:57:53.691+0800: 6.594: [ParNew: 445628K->38561K(471872K), 0.0154174 secs] 445628K->38561K(996160K), 0.0160958 secs] [Times: user=0.16 sys=0.01, real=0.02 secs] 
2024-09-13T17:57:55.707+0800: 8.610: [GC (CMS Initial Mark) [1 CMS-initial-mark: 0K(524288K)] 180764K(996160K), 0.0132281 secs] [Times: user=0.11 sys=0.00, real=0.01 secs] 
2024-09-13T17:57:55.721+0800: 8.624: [CMS-concurrent-mark-start]
2024-09-13T17:57:55.722+0800: 8.625: [CMS-concurrent-mark: 0.000/0.000 secs] [Times: user=0.00 sys=0.00, real=0.00 secs] 
2024-09-13T17:57:55.722+0800: 8.625: [CMS-concurrent-preclean-start]
2024-09-13T17:57:55.724+0800: 8.627: [CMS-concurrent-preclean: 0.001/0.001 secs] [Times: user=0.00 sys=0.00, real=0.01 secs] 
2024-09-13T17:57:55.724+0800: 8.627: [CMS-concurrent-abortable-preclean-start]
 CMS: abort preclean due to time 2024-09-13T17:58:00.878+0800: 13.781: [CMS-concurrent-abortable-preclean: 2.875/5.154 secs] [Times: user=3.15 sys=0.00, real=5.15 secs] 
2024-09-13T17:58:00.879+0800: 13.782: [GC (CMS Final Remark) [YG occupancy: 191040 K (471872 K)]2024-09-13T17:58:00.879+0800: 13.782: [Rescan (parallel) , 0.0126661 secs]2024-09-13T17:58:00.892+0800: 13.795: [weak refs processing, 0.0003867 secs]2024-09-13T17:58:00.893+0800: 13.796: [class unloading, 0.0059135 secs]2024-09-13T17:58:00.900+0800: 13.803: [scrub symbol table, 0.0065812 secs]2024-09-13T17:58:00.907+0800: 13.810: [scrub string table, 0.0007795 secs][1 CMS-remark: 0K(524288K)] 191040K(996160K), 0.0302388 secs] [Times: user=0.13 sys=0.01, real=0.03 secs] 
2024-09-13T17:58:00.910+0800: 13.813: [CMS-concurrent-sweep-start]
2024-09-13T17:58:00.910+0800: 13.813: [CMS-concurrent-sweep: 0.000/0.000 secs] [Times: user=0.00 sys=0.00, real=0.00 secs] 
2024-09-13T17:58:00.911+0800: 13.814: [CMS-concurrent-reset-start]
2024-09-13T17:58:00.911+0800: 13.814: [CMS-concurrent-reset: 0.001/0.001 secs] [Times: user=0.00 sys=0.00, real=0.00 secs] 
2024-09-13T17:58:18.143+0800: 31.046: [GC (Allocation Failure) 2024-09-13T17:58:18.143+0800: 31.046: [ParNew: 458017K->46120K(471872K), 0.0480895 secs] 458017K->51684K(996160K), 0.0488335 secs] [Times: user=0.40 sys=0.01, real=0.04 secs] 
2024-09-13T17:58:21.986+0800: 34.889: [GC (Allocation Failure) 2024-09-13T17:58:21.987+0800: 34.890: [ParNew: 465576K->52416K(471872K), 0.0230489 secs] 471140K->67608K(996160K), 0.0239258 secs] [Times: user=0.18 sys=0.00, real=0.02 secs] 
2024-09-13T17:58:25.002+0800: 37.906: [GC (Allocation Failure) 2024-09-13T17:58:25.003+0800: 37.907: [ParNew: 471872K->49514K(471872K), 0.0254933 secs] 487064K->76395K(996160K), 0.0264644 secs] [Times: user=0.17 sys=0.00, real=0.02 secs] 
2024-09-13T18:01:08.995+0800: 201.904: [GC (CMS Initial Mark) [1 CMS-initial-mark: 26880K(524288K)] 210594K(996160K), 0.0108164 secs] [Times: user=0.09 sys=0.00, real=0.01 secs] 
2024-09-13T18:01:09.007+0800: 201.916: [CMS-concurrent-mark-start]
2024-09-13T18:01:09.016+0800: 201.925: [CMS-concurrent-mark: 0.009/0.009 secs] [Times: user=0.02 sys=0.01, real=0.01 secs] 
2024-09-13T18:01:09.016+0800: 201.925: [CMS-concurrent-preclean-start]
2024-09-13T18:01:09.018+0800: 201.927: [CMS-concurrent-preclean: 0.002/0.002 secs] [Times: user=0.00 sys=0.00, real=0.01 secs] 
2024-09-13T18:01:09.019+0800: 201.928: [CMS-concurrent-abortable-preclean-start]
 CMS: abort preclean due to time 2024-09-13T18:01:14.121+0800: 207.030: [CMS-concurrent-abortable-preclean: 2.797/5.102 secs] [Times: user=2.82 sys=0.02, real=5.10 secs] 
2024-09-13T18:01:14.122+0800: 207.031: [GC (CMS Final Remark) [YG occupancy: 183713 K (471872 K)]2024-09-13T18:01:14.122+0800: 207.031: [Rescan (parallel) , 0.0117548 secs]2024-09-13T18:01:14.134+0800: 207.043: [weak refs processing, 0.0004619 secs]2024-09-13T18:01:14.135+0800: 207.044: [class unloading, 0.0131201 secs]2024-09-13T18:01:14.149+0800: 207.058: [scrub symbol table, 0.0112270 secs]2024-09-13T18:01:14.160+0800: 207.069: [scrub string table, 0.0011129 secs][1 CMS-remark: 26880K(524288K)] 210594K(996160K), 0.0403015 secs] [Times: user=0.13 sys=0.00, real=0.04 secs] 
2024-09-13T18:01:14.163+0800: 207.072: [CMS-concurrent-sweep-start]
2024-09-13T18:01:14.172+0800: 207.081: [CMS-concurrent-sweep: 0.009/0.009 secs] [Times: user=0.01 sys=0.00, real=0.01 secs] 
2024-09-13T18:01:14.172+0800: 207.081: [CMS-concurrent-reset-start]
2024-09-13T18:01:14.173+0800: 207.082: [CMS-concurrent-reset: 0.001/0.001 secs] [Times: user=0.00 sys=0.00, real=0.00 secs] 
2024-09-13T19:11:09.942+0800: 4402.994: [GC (Allocation Failure) 2024-09-13T19:11:09.942+0800: 4402.995: [ParNew: 468970K->49599K(471872K), 0.0710591 secs] 488062K->76793K(996160K), 0.0724204 secs] [Times: user=0.63 sys=0.01, real=0.08 secs] 
2024-09-13T21:27:13.532+0800: 12566.870: [GC (Allocation Failure) 2024-09-13T21:27:13.532+0800: 12566.870: [ParNew: 469055K->41291K(471872K), 0.0445123 secs] 496249K->91782K(996160K), 0.0458584 secs] [Times: user=0.34 sys=0.00, real=0.05 secs] 
2024-09-14T00:09:49.017+0800: 22322.715: [GC (Allocation Failure) 2024-09-14T00:09:49.017+0800: 22322.716: [ParNew: 460747K->21933K(471872K), 0.0120766 secs] 511238K->72424K(996160K), 0.0133978 secs] [Times: user=0.07 sys=0.01, real=0.02 secs] 
